// Jest Snapshot v1, https://goo.gl/fbAQLP

exports[`vamos a probar el JournalEntry debe hacer match con el snapshot 1`] = `
<div
  className="journal__entry pointer animate__animated animate__fadeIn animate__fast"
  onClick={[Function]}
>
  <div
    className="journal__entry-picture"
    style={
      Object {
        "backgroundImage": "url(jgjgghghghgh)",
        "backgroundSize": "cover",
      }
    }
  />
  <div
    className="journal__entry-body"
  >
    <p
      className="journal__entry-title"
    >
      Hola dos veces
    </p>
    <p
      className="journal__entry-content"
    >
      Mundo
    </p>
  </div>
  <div
    className="journal__entry-date-box"
  >
    <span>
      Wednesday
    </span>
    <h4>
      31st
    </h4>
  </div>
</div>
`;
