// Jest Snapshot v1, https://goo.gl/fbAQLP

exports[`vamos a probar el Sidebar debe hacer match con el snapshot 1`] = `
<aside
  className="journal__sidebar"
>
  <div
    className="journal__sidebar-navbar"
  >
    <h3
      className="mt-5"
    >
      <p
        style={
          Object {
            "fontSize": "15px",
            "marginBottom": "5px",
            "textTransform": "uppercase",
          }
        }
      >
         
        Sebastian
      </p>
      <i
        className="far fa-moon"
      >
         
      </i>
      <small
        style={
          Object {
            "display": "inline-block",
            "fontSize": "13px",
            "marginLeft": "8px",
          }
        }
      >
        Today: 
        6th February 2022
      </small>
    </h3>
    <button
      className="btn"
      onClick={[Function]}
    >
      Logout
    </button>
  </div>
  <div
    className="journal__new-entry"
    onClick={[Function]}
  >
    <i
      className="far fa-calendar-plus fa-5x"
    />
    <p
      className="mt-5"
    >
      New Entry
    </p>
  </div>
  <div
    className="journal__entries"
  />
</aside>
`;
